------------------------------------------------------------
TimeQuest Timing Analyzer Summary
------------------------------------------------------------

Type  : Slow 1100mV 85C Model Setup 'KEY[0]'
Slack : -4.614
TNS   : -922.863

Type  : Slow 1100mV 85C Model Hold 'KEY[0]'
Slack : 0.302
TNS   : 0.000

Type  : Slow 1100mV 85C Model Minimum Pulse Width 'KEY[0]'
Slack : -2.636
TNS   : -275.842

Type  : Slow 1100mV 0C Model Setup 'KEY[0]'
Slack : -4.511
TNS   : -895.655

Type  : Slow 1100mV 0C Model Hold 'KEY[0]'
Slack : 0.333
TNS   : 0.000

Type  : Slow 1100mV 0C Model Minimum Pulse Width 'KEY[0]'
Slack : -2.636
TNS   : -272.108

Type  : Fast 1100mV 85C Model Setup 'KEY[0]'
Slack : -2.292
TNS   : -435.274

Type  : Fast 1100mV 85C Model Hold 'KEY[0]'
Slack : 0.207
TNS   : 0.000

Type  : Fast 1100mV 85C Model Minimum Pulse Width 'KEY[0]'
Slack : -2.636
TNS   : -209.576

Type  : Fast 1100mV 0C Model Setup 'KEY[0]'
Slack : -2.025
TNS   : -382.444

Type  : Fast 1100mV 0C Model Hold 'KEY[0]'
Slack : 0.200
TNS   : 0.000

Type  : Fast 1100mV 0C Model Minimum Pulse Width 'KEY[0]'
Slack : -2.636
TNS   : -207.357

------------------------------------------------------------
