------------------------------------------------------------
TimeQuest Timing Analyzer Summary
------------------------------------------------------------

Type  : Slow 1100mV 85C Model Setup 'cpu:U|fsm:FSM_CONTROLLER|state[10]'
Slack : -8.727
TNS   : -25.837

Type  : Slow 1100mV 85C Model Setup 'KEY[0]'
Slack : -7.837
TNS   : -739.318

Type  : Slow 1100mV 85C Model Hold 'KEY[0]'
Slack : -7.572
TNS   : -973.076

Type  : Slow 1100mV 85C Model Hold 'cpu:U|fsm:FSM_CONTROLLER|state[10]'
Slack : 4.596
TNS   : 0.000

Type  : Slow 1100mV 85C Model Minimum Pulse Width 'KEY[0]'
Slack : -0.394
TNS   : -125.162

Type  : Slow 1100mV 85C Model Minimum Pulse Width 'CLOCK_50'
Slack : -0.394
TNS   : -8.470

Type  : Slow 1100mV 85C Model Minimum Pulse Width 'cpu:U|fsm:FSM_CONTROLLER|state[10]'
Slack : 0.327
TNS   : 0.000

Type  : Slow 1100mV 0C Model Setup 'cpu:U|fsm:FSM_CONTROLLER|state[10]'
Slack : -8.541
TNS   : -25.239

Type  : Slow 1100mV 0C Model Setup 'KEY[0]'
Slack : -7.494
TNS   : -696.975

Type  : Slow 1100mV 0C Model Hold 'KEY[0]'
Slack : -7.429
TNS   : -967.066

Type  : Slow 1100mV 0C Model Hold 'cpu:U|fsm:FSM_CONTROLLER|state[10]'
Slack : 4.454
TNS   : 0.000

Type  : Slow 1100mV 0C Model Minimum Pulse Width 'KEY[0]'
Slack : -0.394
TNS   : -118.171

Type  : Slow 1100mV 0C Model Minimum Pulse Width 'CLOCK_50'
Slack : -0.394
TNS   : -8.968

Type  : Slow 1100mV 0C Model Minimum Pulse Width 'cpu:U|fsm:FSM_CONTROLLER|state[10]'
Slack : 0.351
TNS   : 0.000

Type  : Fast 1100mV 85C Model Setup 'KEY[0]'
Slack : -4.854
TNS   : -386.678

Type  : Fast 1100mV 85C Model Setup 'cpu:U|fsm:FSM_CONTROLLER|state[10]'
Slack : -4.722
TNS   : -13.876

Type  : Fast 1100mV 85C Model Hold 'KEY[0]'
Slack : -4.504
TNS   : -588.414

Type  : Fast 1100mV 85C Model Hold 'cpu:U|fsm:FSM_CONTROLLER|state[10]'
Slack : 2.970
TNS   : 0.000

Type  : Fast 1100mV 85C Model Minimum Pulse Width 'KEY[0]'
Slack : -0.318
TNS   : -66.902

Type  : Fast 1100mV 85C Model Minimum Pulse Width 'CLOCK_50'
Slack : -0.093
TNS   : -1.454

Type  : Fast 1100mV 85C Model Minimum Pulse Width 'cpu:U|fsm:FSM_CONTROLLER|state[10]'
Slack : 0.376
TNS   : 0.000

Type  : Fast 1100mV 0C Model Setup 'cpu:U|fsm:FSM_CONTROLLER|state[10]'
Slack : -4.552
TNS   : -13.357

Type  : Fast 1100mV 0C Model Setup 'KEY[0]'
Slack : -4.184
TNS   : -324.421

Type  : Fast 1100mV 0C Model Hold 'KEY[0]'
Slack : -4.415
TNS   : -594.813

Type  : Fast 1100mV 0C Model Hold 'cpu:U|fsm:FSM_CONTROLLER|state[10]'
Slack : 2.900
TNS   : 0.000

Type  : Fast 1100mV 0C Model Minimum Pulse Width 'KEY[0]'
Slack : -0.314
TNS   : -65.669

Type  : Fast 1100mV 0C Model Minimum Pulse Width 'CLOCK_50'
Slack : -0.088
TNS   : -1.379

Type  : Fast 1100mV 0C Model Minimum Pulse Width 'cpu:U|fsm:FSM_CONTROLLER|state[10]'
Slack : 0.397
TNS   : 0.000

------------------------------------------------------------
